2026-03-31 23:48:48 [36m[INFO][0m Starting headless test  p1=deepseek-v3-2-volc  p2=kimi-k2.5  rounds=50  visible=false
2026-03-31 23:48:48 [36m[INFO][0m Cleaned 29 old screenshots
2026-03-31 23:48:49 [36m[INFO][0m Opening game page...
2026-03-31 23:48:49 [31m[ERR ][0m [Browser] Failed to load resource: the server responded with a status of 404 (Not Found)
2026-03-31 23:48:50 [32m[ OK ][0m Page loaded
2026-03-31 23:48:50 [36m[INFO][0m Waiting for server connection...
2026-03-31 23:48:50 [32m[ OK ][0m Server connected
2026-03-31 23:48:50 [36m[INFO][0m Selecting models: p1=deepseek-v3-2-volc, p2=kimi-k2.5
2026-03-31 23:48:50 [32m[ OK ][0m Config set
2026-03-31 23:48:50 [36m[INFO][0m Clicking start button...
2026-03-31 23:48:51 [32m[ OK ][0m Game screen active
2026-03-31 23:48:51 [32m[ OK ][0m 📸 Screenshot saved: round-00-start.png
2026-03-31 23:48:51 [36m[INFO][0m Game started! Monitoring rounds & taking screenshots...
2026-03-31 23:49:16 [35m[GAME][0m Round 1/50  🔴HP: 100/100  🔵HP: 100/100
2026-03-31 23:49:16 [36m[INFO][0m   🔴 思考: 对准敌人第一步，视线清晰准备射击
2026-03-31 23:49:16 [36m[INFO][0m   🔵 思考: 需左转45度对准敌人，先转30度
2026-03-31 23:49:16 [32m[ OK ][0m 📸 Screenshot saved: round-01.png
2026-03-31 23:49:17 [35m[GAME][0m Round 2/50  🔴HP: 100/100  🔵HP: 100/100
2026-03-31 23:49:17 [36m[INFO][0m   🔴 思考: 🤔 思考中...
2026-03-31 23:49:17 [36m[INFO][0m   🔵 思考: 🤔 思考中...
2026-03-31 23:49:17 [32m[ OK ][0m 📸 Screenshot saved: round-02.png
2026-03-31 23:49:32 [35m[GAME][0m Round 3/50  🔴HP: 100/100  🔵HP: 100/100
2026-03-31 23:49:32 [36m[INFO][0m   🔴 思考: 🤔 思考中...
2026-03-31 23:49:32 [36m[INFO][0m   🔵 思考: 🤔 思考中...
2026-03-31 23:49:32 [32m[ OK ][0m 📸 Screenshot saved: round-03.png
2026-03-31 23:49:55 [35m[GAME][0m Round 4/50  🔴HP: 100/100  🔵HP: 100/100
2026-03-31 23:49:55 [36m[INFO][0m   🔴 思考: 🤔 思考中...
2026-03-31 23:49:55 [36m[INFO][0m   🔵 思考: 🤔 思考中...
2026-03-31 23:49:55 [32m[ OK ][0m 📸 Screenshot saved: round-04.png
2026-03-31 23:50:22 [35m[GAME][0m Round 5/50  🔴HP: 100/100  🔵HP: 100/100
2026-03-31 23:50:22 [36m[INFO][0m   🔴 思考: 🤔 思考中...
2026-03-31 23:50:22 [36m[INFO][0m   🔵 思考: 🤔 思考中...
2026-03-31 23:50:22 [32m[ OK ][0m 📸 Screenshot saved: round-05.png
2026-03-31 23:50:38 [35m[GAME][0m Round 6/50  🔴HP: 100/100  🔵HP: 100/100
2026-03-31 23:50:38 [36m[INFO][0m   🔴 思考: 🤔 思考中...
2026-03-31 23:50:38 [36m[INFO][0m   🔵 思考: 🤔 思考中...
2026-03-31 23:50:39 [32m[ OK ][0m 📸 Screenshot saved: round-06.png
2026-03-31 23:50:59 [35m[GAME][0m Round 7/50  🔴HP: 100/100  🔵HP: 100/100
2026-03-31 23:50:59 [36m[INFO][0m   🔴 思考: 🤔 思考中...
2026-03-31 23:50:59 [36m[INFO][0m   🔵 思考: 🤔 思考中...
2026-03-31 23:51:00 [32m[ OK ][0m 📸 Screenshot saved: round-07.png
2026-03-31 23:51:29 [35m[GAME][0m Round 8/50  🔴HP: 100/100  🔵HP: 100/100
2026-03-31 23:51:29 [36m[INFO][0m   🔴 思考: 🤔 思考中...
2026-03-31 23:51:29 [36m[INFO][0m   🔵 思考: 🤔 思考中...
2026-03-31 23:51:30 [32m[ OK ][0m 📸 Screenshot saved: round-08.png
2026-03-31 23:52:00 [35m[GAME][0m Round 9/50  🔴HP: 80/100  🔵HP: 100/100
2026-03-31 23:52:00 [36m[INFO][0m   🔴 思考: 🤔 思考中...
2026-03-31 23:52:00 [36m[INFO][0m   🔵 思考: 🤔 思考中...
2026-03-31 23:52:01 [32m[ OK ][0m 📸 Screenshot saved: round-09.png
2026-03-31 23:52:20 [35m[GAME][0m Round 10/50  🔴HP: 80/100  🔵HP: 80/100
2026-03-31 23:52:20 [36m[INFO][0m   🔴 思考: 🤔 思考中...
2026-03-31 23:52:20 [36m[INFO][0m   🔵 思考: 🤔 思考中...
2026-03-31 23:52:21 [32m[ OK ][0m 📸 Screenshot saved: round-10.png
2026-03-31 23:52:51 [35m[GAME][0m Round 11/50  🔴HP: 80/100  🔵HP: 80/100
2026-03-31 23:52:51 [36m[INFO][0m   🔴 思考: 🤔 思考中...
2026-03-31 23:52:51 [36m[INFO][0m   🔵 思考: 🤔 思考中...
2026-03-31 23:52:51 [32m[ OK ][0m 📸 Screenshot saved: round-11.png
2026-03-31 23:53:13 [35m[GAME][0m Round 12/50  🔴HP: 80/100  🔵HP: 80/100
2026-03-31 23:53:13 [36m[INFO][0m   🔴 思考: 🤔 思考中...
2026-03-31 23:53:13 [36m[INFO][0m   🔵 思考: 🤔 思考中...
2026-03-31 23:53:13 [32m[ OK ][0m 📸 Screenshot saved: round-12.png
2026-03-31 23:53:28 [35m[GAME][0m Round 13/50  🔴HP: 80/100  🔵HP: 80/100
2026-03-31 23:53:28 [36m[INFO][0m   🔴 思考: 🤔 思考中...
2026-03-31 23:53:28 [36m[INFO][0m   🔵 思考: 🤔 思考中...
2026-03-31 23:53:28 [32m[ OK ][0m 📸 Screenshot saved: round-13.png
2026-03-31 23:53:47 [35m[GAME][0m Round 14/50  🔴HP: 80/100  🔵HP: 80/100
2026-03-31 23:53:47 [36m[INFO][0m   🔴 思考: 🤔 思考中...
2026-03-31 23:53:47 [36m[INFO][0m   🔵 思考: 🤔 思考中...
2026-03-31 23:53:48 [32m[ OK ][0m 📸 Screenshot saved: round-14.png
2026-03-31 23:54:14 [35m[GAME][0m Round 15/50  🔴HP: 80/100  🔵HP: 80/100
2026-03-31 23:54:14 [36m[INFO][0m   🔴 思考: 🤔 思考中...
2026-03-31 23:54:14 [36m[INFO][0m   🔵 思考: 🤔 思考中...
2026-03-31 23:54:15 [32m[ OK ][0m 📸 Screenshot saved: round-15.png
2026-03-31 23:54:30 [35m[GAME][0m Round 16/50  🔴HP: 80/100  🔵HP: 80/100
2026-03-31 23:54:30 [36m[INFO][0m   🔴 思考: 🤔 思考中...
2026-03-31 23:54:30 [36m[INFO][0m   🔵 思考: 🤔 思考中...
2026-03-31 23:54:30 [32m[ OK ][0m 📸 Screenshot saved: round-16.png
2026-03-31 23:54:40 [35m[GAME][0m Round 17/50  🔴HP: 80/100  🔵HP: 80/100
2026-03-31 23:54:40 [36m[INFO][0m   🔴 思考: 🤔 思考中...
2026-03-31 23:54:40 [36m[INFO][0m   🔵 思考: 🤔 思考中...
2026-03-31 23:54:41 [32m[ OK ][0m 📸 Screenshot saved: round-17.png
2026-03-31 23:54:54 [35m[GAME][0m Round 18/50  🔴HP: 80/100  🔵HP: 80/100
2026-03-31 23:54:54 [36m[INFO][0m   🔴 思考: 🤔 思考中...
2026-03-31 23:54:54 [36m[INFO][0m   🔵 思考: 🤔 思考中...
2026-03-31 23:54:55 [32m[ OK ][0m 📸 Screenshot saved: round-18.png
2026-03-31 23:55:22 [35m[GAME][0m Round 19/50  🔴HP: 80/100  🔵HP: 80/100
2026-03-31 23:55:22 [36m[INFO][0m   🔴 思考: 🤔 思考中...
2026-03-31 23:55:22 [36m[INFO][0m   🔵 思考: 🤔 思考中...
2026-03-31 23:55:22 [32m[ OK ][0m 📸 Screenshot saved: round-19.png
2026-03-31 23:55:52 [35m[GAME][0m Round 20/50  🔴HP: 80/100  🔵HP: 80/100
2026-03-31 23:55:52 [36m[INFO][0m   🔴 思考: 🤔 思考中...
2026-03-31 23:55:52 [36m[INFO][0m   🔵 思考: 🤔 思考中...
2026-03-31 23:55:53 [32m[ OK ][0m 📸 Screenshot saved: round-20.png
2026-03-31 23:56:23 [35m[GAME][0m Round 21/50  🔴HP: 80/100  🔵HP: 80/100
2026-03-31 23:56:23 [36m[INFO][0m   🔴 思考: 🤔 思考中...
2026-03-31 23:56:23 [36m[INFO][0m   🔵 思考: 🤔 思考中...
2026-03-31 23:56:23 [32m[ OK ][0m 📸 Screenshot saved: round-21.png
2026-03-31 23:56:41 [35m[GAME][0m Round 22/50  🔴HP: 80/100  🔵HP: 80/100
2026-03-31 23:56:41 [36m[INFO][0m   🔴 思考: 🤔 思考中...
2026-03-31 23:56:41 [36m[INFO][0m   🔵 思考: 🤔 思考中...
2026-03-31 23:56:41 [32m[ OK ][0m 📸 Screenshot saved: round-22.png
2026-03-31 23:57:11 [35m[GAME][0m Round 23/50  🔴HP: 80/100  🔵HP: 80/100
2026-03-31 23:57:11 [36m[INFO][0m   🔴 思考: 🤔 思考中...
2026-03-31 23:57:11 [36m[INFO][0m   🔵 思考: 🤔 思考中...
2026-03-31 23:57:12 [32m[ OK ][0m 📸 Screenshot saved: round-23.png
2026-03-31 23:57:38 [35m[GAME][0m Round 24/50  🔴HP: 80/100  🔵HP: 80/100
2026-03-31 23:57:38 [36m[INFO][0m   🔴 思考: 🤔 思考中...
2026-03-31 23:57:38 [36m[INFO][0m   🔵 思考: 🤔 思考中...
2026-03-31 23:57:39 [32m[ OK ][0m 📸 Screenshot saved: round-24.png
2026-03-31 23:58:07 [35m[GAME][0m Round 25/50  🔴HP: 80/100  🔵HP: 80/100
2026-03-31 23:58:07 [36m[INFO][0m   🔴 思考: 🤔 思考中...
2026-03-31 23:58:07 [36m[INFO][0m   🔵 思考: 🤔 思考中...
2026-03-31 23:58:07 [32m[ OK ][0m 📸 Screenshot saved: round-25.png
2026-03-31 23:58:21 [35m[GAME][0m Round 26/50  🔴HP: 80/100  🔵HP: 80/100
2026-03-31 23:58:21 [36m[INFO][0m   🔴 思考: 🤔 思考中...
2026-03-31 23:58:21 [36m[INFO][0m   🔵 思考: 🤔 思考中...
2026-03-31 23:58:21 [32m[ OK ][0m 📸 Screenshot saved: round-26.png
2026-03-31 23:58:41 [35m[GAME][0m Round 27/50  🔴HP: 80/100  🔵HP: 80/100
2026-03-31 23:58:41 [36m[INFO][0m   🔴 思考: 🤔 思考中...
2026-03-31 23:58:41 [36m[INFO][0m   🔵 思考: 🤔 思考中...
2026-03-31 23:58:41 [32m[ OK ][0m 📸 Screenshot saved: round-27.png
2026-03-31 23:59:11 [35m[GAME][0m Round 28/50  🔴HP: 80/100  🔵HP: 80/100
2026-03-31 23:59:11 [36m[INFO][0m   🔴 思考: 🤔 思考中...
2026-03-31 23:59:11 [36m[INFO][0m   🔵 思考: 🤔 思考中...
2026-03-31 23:59:12 [32m[ OK ][0m 📸 Screenshot saved: round-28.png
2026-03-31 23:59:42 [35m[GAME][0m Round 29/50  🔴HP: 80/100  🔵HP: 80/100
2026-03-31 23:59:42 [36m[INFO][0m   🔴 思考: 🤔 思考中...
2026-03-31 23:59:42 [36m[INFO][0m   🔵 思考: 🤔 思考中...
2026-03-31 23:59:42 [32m[ OK ][0m 📸 Screenshot saved: round-29.png
2026-04-01 00:00:12 [35m[GAME][0m Round 30/50  🔴HP: 80/100  🔵HP: 80/100
2026-04-01 00:00:12 [36m[INFO][0m   🔴 思考: 🤔 思考中...
2026-04-01 00:00:12 [36m[INFO][0m   🔵 思考: 🤔 思考中...
2026-04-01 00:00:13 [32m[ OK ][0m 📸 Screenshot saved: round-30.png
2026-04-01 00:00:36 [35m[GAME][0m Round 31/50  🔴HP: 80/100  🔵HP: 60/100
2026-04-01 00:00:36 [36m[INFO][0m   🔴 思考: 🤔 思考中...
2026-04-01 00:00:36 [36m[INFO][0m   🔵 思考: 🤔 思考中...
2026-04-01 00:00:37 [32m[ OK ][0m 📸 Screenshot saved: round-31.png
2026-04-01 00:00:51 [35m[GAME][0m Round 32/50  🔴HP: 80/100  🔵HP: 60/100
2026-04-01 00:00:51 [36m[INFO][0m   🔴 思考: 🤔 思考中...
2026-04-01 00:00:51 [36m[INFO][0m   🔵 思考: 🤔 思考中...
2026-04-01 00:00:51 [32m[ OK ][0m 📸 Screenshot saved: round-32.png
2026-04-01 00:01:21 [35m[GAME][0m Round 33/50  🔴HP: 80/100  🔵HP: 60/100
2026-04-01 00:01:21 [36m[INFO][0m   🔴 思考: 🤔 思考中...
2026-04-01 00:01:21 [36m[INFO][0m   🔵 思考: 🤔 思考中...
2026-04-01 00:01:22 [32m[ OK ][0m 📸 Screenshot saved: round-33.png
2026-04-01 00:01:46 [35m[GAME][0m Round 34/50  🔴HP: 80/100  🔵HP: 60/100
2026-04-01 00:01:46 [36m[INFO][0m   🔴 思考: 🤔 思考中...
2026-04-01 00:01:46 [36m[INFO][0m   🔵 思考: 🤔 思考中...
2026-04-01 00:01:46 [32m[ OK ][0m 📸 Screenshot saved: round-34.png
2026-04-01 00:02:10 [35m[GAME][0m Round 35/50  🔴HP: 80/100  🔵HP: 60/100
2026-04-01 00:02:10 [36m[INFO][0m   🔴 思考: 🤔 思考中...
2026-04-01 00:02:10 [36m[INFO][0m   🔵 思考: 🤔 思考中...
2026-04-01 00:02:10 [32m[ OK ][0m 📸 Screenshot saved: round-35.png
2026-04-01 00:02:41 [35m[GAME][0m Round 36/50  🔴HP: 80/100  🔵HP: 60/100
2026-04-01 00:02:41 [36m[INFO][0m   🔴 思考: 🤔 思考中...
2026-04-01 00:02:41 [36m[INFO][0m   🔵 思考: 🤔 思考中...
2026-04-01 00:02:41 [32m[ OK ][0m 📸 Screenshot saved: round-36.png
2026-04-01 00:02:57 [35m[GAME][0m Round 37/50  🔴HP: 80/100  🔵HP: 60/100
2026-04-01 00:02:57 [36m[INFO][0m   🔴 思考: 🤔 思考中...
2026-04-01 00:02:57 [36m[INFO][0m   🔵 思考: 🤔 思考中...
2026-04-01 00:02:57 [32m[ OK ][0m 📸 Screenshot saved: round-37.png
2026-04-01 00:03:24 [35m[GAME][0m Round 38/50  🔴HP: 80/100  🔵HP: 60/100
2026-04-01 00:03:24 [36m[INFO][0m   🔴 思考: 🤔 思考中...
2026-04-01 00:03:24 [36m[INFO][0m   🔵 思考: 🤔 思考中...
2026-04-01 00:03:25 [32m[ OK ][0m 📸 Screenshot saved: round-38.png
2026-04-01 00:03:42 [35m[GAME][0m Round 39/50  🔴HP: 80/100  🔵HP: 60/100
2026-04-01 00:03:42 [36m[INFO][0m   🔴 思考: 🤔 思考中...
2026-04-01 00:03:42 [36m[INFO][0m   🔵 思考: 🤔 思考中...
2026-04-01 00:03:43 [32m[ OK ][0m 📸 Screenshot saved: round-39.png
2026-04-01 00:04:12 [35m[GAME][0m Round 40/50  🔴HP: 80/100  🔵HP: 60/100
2026-04-01 00:04:12 [36m[INFO][0m   🔴 思考: 🤔 思考中...
2026-04-01 00:04:12 [36m[INFO][0m   🔵 思考: 🤔 思考中...
2026-04-01 00:04:13 [32m[ OK ][0m 📸 Screenshot saved: round-40.png
2026-04-01 00:04:27 [35m[GAME][0m Round 41/50  🔴HP: 80/100  🔵HP: 60/100
2026-04-01 00:04:27 [36m[INFO][0m   🔴 思考: 🤔 思考中...
2026-04-01 00:04:27 [36m[INFO][0m   🔵 思考: 🤔 思考中...
2026-04-01 00:04:28 [32m[ OK ][0m 📸 Screenshot saved: round-41.png
2026-04-01 00:04:42 [35m[GAME][0m Round 42/50  🔴HP: 80/100  🔵HP: 60/100
2026-04-01 00:04:42 [36m[INFO][0m   🔴 思考: 🤔 思考中...
2026-04-01 00:04:42 [36m[INFO][0m   🔵 思考: 🤔 思考中...
2026-04-01 00:04:43 [32m[ OK ][0m 📸 Screenshot saved: round-42.png
2026-04-01 00:04:57 [35m[GAME][0m Round 43/50  🔴HP: 80/100  🔵HP: 60/100
2026-04-01 00:04:57 [36m[INFO][0m   🔴 思考: 🤔 思考中...
2026-04-01 00:04:57 [36m[INFO][0m   🔵 思考: 🤔 思考中...
2026-04-01 00:04:58 [32m[ OK ][0m 📸 Screenshot saved: round-43.png
2026-04-01 00:05:23 [35m[GAME][0m Round 44/50  🔴HP: 80/100  🔵HP: 60/100
2026-04-01 00:05:23 [36m[INFO][0m   🔴 思考: 🤔 思考中...
2026-04-01 00:05:23 [36m[INFO][0m   🔵 思考: 🤔 思考中...
2026-04-01 00:05:24 [32m[ OK ][0m 📸 Screenshot saved: round-44.png
2026-04-01 00:05:40 [35m[GAME][0m Round 45/50  🔴HP: 80/100  🔵HP: 60/100
2026-04-01 00:05:40 [36m[INFO][0m   🔴 思考: 🤔 思考中...
2026-04-01 00:05:40 [36m[INFO][0m   🔵 思考: 🤔 思考中...
2026-04-01 00:05:41 [32m[ OK ][0m 📸 Screenshot saved: round-45.png
2026-04-01 00:06:11 [35m[GAME][0m Round 46/50  🔴HP: 80/100  🔵HP: 60/100
2026-04-01 00:06:11 [36m[INFO][0m   🔴 思考: 🤔 思考中...
2026-04-01 00:06:11 [36m[INFO][0m   🔵 思考: 🤔 思考中...
2026-04-01 00:06:11 [32m[ OK ][0m 📸 Screenshot saved: round-46.png
2026-04-01 00:06:35 [35m[GAME][0m Round 47/50  🔴HP: 80/100  🔵HP: 60/100
2026-04-01 00:06:35 [36m[INFO][0m   🔴 思考: 🤔 思考中...
2026-04-01 00:06:35 [36m[INFO][0m   🔵 思考: 🤔 思考中...
2026-04-01 00:06:35 [32m[ OK ][0m 📸 Screenshot saved: round-47.png
2026-04-01 00:06:58 [35m[GAME][0m Round 48/50  🔴HP: 100/100  🔵HP: 60/100
2026-04-01 00:06:58 [36m[INFO][0m   🔴 思考: 🤔 思考中...
2026-04-01 00:06:58 [36m[INFO][0m   🔵 思考: 🤔 思考中...
2026-04-01 00:06:58 [32m[ OK ][0m 📸 Screenshot saved: round-48.png
2026-04-01 00:07:16 [35m[GAME][0m Round 49/50  🔴HP: 100/100  🔵HP: 60/100
2026-04-01 00:07:16 [36m[INFO][0m   🔴 思考: 🤔 思考中...
2026-04-01 00:07:16 [36m[INFO][0m   🔵 思考: 🤔 思考中...
2026-04-01 00:07:16 [32m[ OK ][0m 📸 Screenshot saved: round-49.png
2026-04-01 00:07:45 [35m[GAME][0m Round 50/50  🔴HP: 100/100  🔵HP: 60/100
2026-04-01 00:07:45 [36m[INFO][0m   🔴 思考: 🤔 思考中...
2026-04-01 00:07:45 [36m[INFO][0m   🔵 思考: 🤔 思考中...
2026-04-01 00:07:46 [32m[ OK ][0m 📸 Screenshot saved: round-50.png
2026-04-01 00:08:06 [35m[GAME][0m Round 51/50  🔴HP: 100/100  🔵HP: 60/100
2026-04-01 00:08:06 [36m[INFO][0m   🔴 思考: 需要右转127度对准敌人
2026-04-01 00:08:06 [36m[INFO][0m   🔵 思考: 弹药为0，需寻找弹药补给
2026-04-01 00:08:06 [32m[ OK ][0m 📸 Screenshot saved: round-51.png
2026-04-01 00:08:07 [32m[ OK ][0m Result screen detected — game over!
2026-04-01 00:08:07 [32m[ OK ][0m ═══════════════════════════════════════
2026-04-01 00:08:07 [32m[ OK ][0m Result: 🤝 平局！
2026-04-01 00:08:07 [32m[ OK ][0m Winner: 三方势均力敌
2026-04-01 00:08:07 [32m[ OK ][0m Stats:  🔴 DEEPSEEK 100 HP 模型: deepseek-v3-2-volc 开火: 0 次 命中: 0 次 命中率: 0% 造成伤害: 0 承受伤害: 20 📊 战斗统计 51 回合 胜者: 平局 🔵 KIMI 60 HP 模型: kimi-k2.5 开火: 3 次 命中: 2 次 命中率: 67% 造成伤害: 40 承受伤害: 40 🟢 混元 2.0 100 HP 模型: hunyuan-2.0-thinking 开火: 5 次 命中: 2 次 命中率: 40% 造成伤害: 40 承受伤害: 56 🟣 GLM-5.0 100 HP 模型: glm-5.0 开火: 3 次 命中: 1 次 命中率: 33% 造成伤害: 20 承受伤害: 0
2026-04-01 00:08:07 [32m[ OK ][0m ═══════════════════════════════════════
2026-04-01 00:08:07 [32m[ OK ][0m 📸 Final result screenshot saved: result-final.png
2026-04-01 00:08:07 [36m[INFO][0m Testing replay feature...
2026-04-01 00:08:08 [32m[ OK ][0m Replay screen opened successfully
2026-04-01 00:08:11 [35m[GAME][0m Replay at round: 4
2026-04-01 00:08:11 [32m[ OK ][0m 📸 Replay screenshot saved: replay.png
2026-04-01 00:08:12 [32m[ OK ][0m Replay exit OK
2026-04-01 00:08:12 [32m[ OK ][0m 
📁 All 54 screenshots saved to: /Users/reky/Documents/GitHub/ai-game/test/screenshots
2026-04-01 00:08:12 [32m[ OK ][0m All tests passed ✓
